$ next build
▲ Next.js 16.2.0 (Turbopack)
- Environments: .env.local, .env
- Experiments (use with caution):
  · optimizePackageImports
  · serverActions

  Creating an optimized production build ...
Turbopack build encountered 33 warnings:
./next.config.mjs
Encountered unexpected file in NFT list
A file was traced that indicates that the whole project was traced unintentionally. Somewhere in the import trace below, there are:
- filesystem operations (like path.join, path.resolve or fs.readFile), or
- very dynamic requires (like require('./' + foo)).
To resolve this, you can
- remove them if possible, or
- only use them in development, or
- make sure they are statically scoped to some subfolder: path.join(process.cwd(), 'data', bar), or
- add ignore comments: path.join(/*turbopackIgnore: true*/ process.cwd(), bar)

Import traces:
  App Route:
    ./next.config.mjs
    ./generated/prisma-timesheet/index.js
    ./src/helpers/prisma-timesheet.ts
    ./src/app/api/v1/timesheet/overtime/upload-images/route.ts

  Server Component:
    ./next.config.mjs
    ./generated/prisma-timesheet/index.js
    ./src/helpers/prisma-timesheet.ts
    ./src/auth.ts
    ./src/actions/auth.ts


./next.config.mjs
Encountered unexpected file in NFT list
A file was traced that indicates that the whole project was traced unintentionally. Somewhere in the import trace below, there are:
- filesystem operations (like path.join, path.resolve or fs.readFile), or
- very dynamic requires (like require('./' + foo)).
To resolve this, you can
- remove them if possible, or
- only use them in development, or
- make sure they are statically scoped to some subfolder: path.join(process.cwd(), 'data', bar), or
- add ignore comments: path.join(/*turbopackIgnore: true*/ process.cwd(), bar)

Output asset trace:
  [output]/.next/server/app/_not-found/page_client-reference-manifest.js
  [output]/.next/server/chunks/ssr/[root-of-the-server]__02bxq0c._.js

Import traces:
  App Route:
    ./next.config.mjs
    ./generated/prisma-timesheet/index.js
    ./src/helpers/prisma-timesheet.ts
    ./src/app/api/v1/timesheet/overtime/upload-images/route.ts

  Server Component:
    ./next.config.mjs
    ./generated/prisma-timesheet/index.js
    ./src/helpers/prisma-timesheet.ts
    ./src/auth.ts
    ./src/actions/auth.ts


./next.config.mjs
Encountered unexpected file in NFT list
A file was traced that indicates that the whole project was traced unintentionally. Somewhere in the import trace below, there are:
- filesystem operations (like path.join, path.resolve or fs.readFile), or
- very dynamic requires (like require('./' + foo)).
To resolve this, you can
- remove them if possible, or
- only use them in development, or
- make sure they are statically scoped to some subfolder: path.join(process.cwd(), 'data', bar), or
- add ignore comments: path.join(/*turbopackIgnore: true*/ process.cwd(), bar)

Output asset trace:
  [output]/.next/server/app/admin/permission-management/page_client-reference-manifest.js
  [output]/.next/server/chunks/ssr/[root-of-the-server]__02bxq0c._.js

Import traces:
  App Route:
    ./next.config.mjs
    ./generated/prisma-timesheet/index.js
    ./src/helpers/prisma-timesheet.ts
    ./src/app/api/v1/timesheet/overtime/upload-images/route.ts

  Server Component:
    ./next.config.mjs
    ./generated/prisma-timesheet/index.js
    ./src/helpers/prisma-timesheet.ts
    ./src/auth.ts
    ./src/actions/auth.ts


./next.config.mjs
Encountered unexpected file in NFT list
A file was traced that indicates that the whole project was traced unintentionally. Somewhere in the import trace below, there are:
- filesystem operations (like path.join, path.resolve or fs.readFile), or
- very dynamic requires (like require('./' + foo)).
To resolve this, you can
- remove them if possible, or
- only use them in development, or
- make sure they are statically scoped to some subfolder: path.join(process.cwd(), 'data', bar), or
- add ignore comments: path.join(/*turbopackIgnore: true*/ process.cwd(), bar)

Output asset trace:
  [output]/.next/server/app/admin/user-profile/[user_id]/page_client-reference-manifest.js
  [output]/.next/server/chunks/ssr/[root-of-the-server]__02bxq0c._.js

Import traces:
  App Route:
    ./next.config.mjs
    ./generated/prisma-timesheet/index.js
    ./src/helpers/prisma-timesheet.ts
    ./src/app/api/v1/timesheet/overtime/upload-images/route.ts

  Server Component:
    ./next.config.mjs
    ./generated/prisma-timesheet/index.js
    ./src/helpers/prisma-timesheet.ts
    ./src/auth.ts
    ./src/actions/auth.ts


./next.config.mjs
Encountered unexpected file in NFT list
A file was traced that indicates that the whole project was traced unintentionally. Somewhere in the import trace below, there are:
- filesystem operations (like path.join, path.resolve or fs.readFile), or
- very dynamic requires (like require('./' + foo)).
To resolve this, you can
- remove them if possible, or
- only use them in development, or
- make sure they are statically scoped to some subfolder: path.join(process.cwd(), 'data', bar), or
- add ignore comments: path.join(/*turbopackIgnore: true*/ process.cwd(), bar)

Output asset trace:
  [output]/.next/server/app/admin/user-profile/create/page_client-reference-manifest.js
  [output]/.next/server/chunks/ssr/[root-of-the-server]__02bxq0c._.js

Import traces:
  App Route:
    ./next.config.mjs
    ./generated/prisma-timesheet/index.js
    ./src/helpers/prisma-timesheet.ts
    ./src/app/api/v1/timesheet/overtime/upload-images/route.ts

  Server Component:
    ./next.config.mjs
    ./generated/prisma-timesheet/index.js
    ./src/helpers/prisma-timesheet.ts
    ./src/auth.ts
    ./src/actions/auth.ts


./next.config.mjs
Encountered unexpected file in NFT list
A file was traced that indicates that the whole project was traced unintentionally. Somewhere in the import trace below, there are:
- filesystem operations (like path.join, path.resolve or fs.readFile), or
- very dynamic requires (like require('./' + foo)).
To resolve this, you can
- remove them if possible, or
- only use them in development, or
- make sure they are statically scoped to some subfolder: path.join(process.cwd(), 'data', bar), or
- add ignore comments: path.join(/*turbopackIgnore: true*/ process.cwd(), bar)

Output asset trace:
  [output]/.next/server/app/api-spec/page_client-reference-manifest.js
  [output]/.next/server/chunks/ssr/[root-of-the-server]__02bxq0c._.js

Import traces:
  App Route:
    ./next.config.mjs
    ./generated/prisma-timesheet/index.js
    ./src/helpers/prisma-timesheet.ts
    ./src/app/api/v1/timesheet/overtime/upload-images/route.ts

  Server Component:
    ./next.config.mjs
    ./generated/prisma-timesheet/index.js
    ./src/helpers/prisma-timesheet.ts
    ./src/auth.ts
    ./src/actions/auth.ts


./next.config.mjs
Encountered unexpected file in NFT list
A file was traced that indicates that the whole project was traced unintentionally. Somewhere in the import trace below, there are:
- filesystem operations (like path.join, path.resolve or fs.readFile), or
- very dynamic requires (like require('./' + foo)).
To resolve this, you can
- remove them if possible, or
- only use them in development, or
- make sure they are statically scoped to some subfolder: path.join(process.cwd(), 'data', bar), or
- add ignore comments: path.join(/*turbopackIgnore: true*/ process.cwd(), bar)

Output asset trace:
  [output]/.next/server/app/api/v1/health-check/transaction-log/payment-slip/list/route.js
  [output]/.next/server/chunks/[root-of-the-server]__0sy9rp1._.js

Import traces:
  App Route:
    ./next.config.mjs
    ./generated/prisma-timesheet/index.js
    ./src/helpers/prisma-timesheet.ts
    ./src/app/api/v1/timesheet/overtime/upload-images/route.ts

  Server Component:
    ./next.config.mjs
    ./generated/prisma-timesheet/index.js
    ./src/helpers/prisma-timesheet.ts
    ./src/auth.ts
    ./src/actions/auth.ts


./next.config.mjs
Encountered unexpected file in NFT list
A file was traced that indicates that the whole project was traced unintentionally. Somewhere in the import trace below, there are:
- filesystem operations (like path.join, path.resolve or fs.readFile), or
- very dynamic requires (like require('./' + foo)).
To resolve this, you can
- remove them if possible, or
- only use them in development, or
- make sure they are statically scoped to some subfolder: path.join(process.cwd(), 'data', bar), or
- add ignore comments: path.join(/*turbopackIgnore: true*/ process.cwd(), bar)

Output asset trace:
  [output]/.next/server/app/api/v1/mobile/leave-letter/read/route.js
  [output]/.next/server/chunks/[root-of-the-server]__0qxjeea._.js

Import traces:
  App Route:
    ./next.config.mjs
    ./generated/prisma-timesheet/index.js
    ./src/helpers/prisma-timesheet.ts
    ./src/app/api/v1/timesheet/overtime/upload-images/route.ts

  Server Component:
    ./next.config.mjs
    ./generated/prisma-timesheet/index.js
    ./src/helpers/prisma-timesheet.ts
    ./src/auth.ts
    ./src/actions/auth.ts


./next.config.mjs
Encountered unexpected file in NFT list
A file was traced that indicates that the whole project was traced unintentionally. Somewhere in the import trace below, there are:
- filesystem operations (like path.join, path.resolve or fs.readFile), or
- very dynamic requires (like require('./' + foo)).
To resolve this, you can
- remove them if possible, or
- only use them in development, or
- make sure they are statically scoped to some subfolder: path.join(process.cwd(), 'data', bar), or
- add ignore comments: path.join(/*turbopackIgnore: true*/ process.cwd(), bar)

Output asset trace:
  [output]/.next/server/app/api/v1/mobile/leave-letter/route.js
  [output]/.next/server/chunks/[root-of-the-server]__04o7_wr._.js

Import traces:
  App Route:
    ./next.config.mjs
    ./generated/prisma-timesheet/index.js
    ./src/helpers/prisma-timesheet.ts
    ./src/app/api/v1/timesheet/overtime/upload-images/route.ts

  Server Component:
    ./next.config.mjs
    ./generated/prisma-timesheet/index.js
    ./src/helpers/prisma-timesheet.ts
    ./src/auth.ts
    ./src/actions/auth.ts


./next.config.mjs
Encountered unexpected file in NFT list
A file was traced that indicates that the whole project was traced unintentionally. Somewhere in the import trace below, there are:
- filesystem operations (like path.join, path.resolve or fs.readFile), or
- very dynamic requires (like require('./' + foo)).
To resolve this, you can
- remove them if possible, or
- only use them in development, or
- make sure they are statically scoped to some subfolder: path.join(process.cwd(), 'data', bar), or
- add ignore comments: path.join(/*turbopackIgnore: true*/ process.cwd(), bar)

Output asset trace:
  [output]/.next/server/app/api/v1/mobile/leave-letter/update/route.js
  [output]/.next/server/chunks/[root-of-the-server]__0xazpdh._.js

Import traces:
  App Route:
    ./next.config.mjs
    ./generated/prisma-timesheet/index.js
    ./src/helpers/prisma-timesheet.ts
    ./src/app/api/v1/timesheet/overtime/upload-images/route.ts

  Server Component:
    ./next.config.mjs
    ./generated/prisma-timesheet/index.js
    ./src/helpers/prisma-timesheet.ts
    ./src/auth.ts
    ./src/actions/auth.ts


./next.config.mjs
Encountered unexpected file in NFT list
A file was traced that indicates that the whole project was traced unintentionally. Somewhere in the import trace below, there are:
- filesystem operations (like path.join, path.resolve or fs.readFile), or
- very dynamic requires (like require('./' + foo)).
To resolve this, you can
- remove them if possible, or
- only use them in development, or
- make sure they are statically scoped to some subfolder: path.join(process.cwd(), 'data', bar), or
- add ignore comments: path.join(/*turbopackIgnore: true*/ process.cwd(), bar)

Output asset trace:
  [output]/.next/server/app/api/v1/mobile/notification/read-message/route.js
  [output]/.next/server/chunks/[root-of-the-server]__0ocxihm._.js

Import traces:
  App Route:
    ./next.config.mjs
    ./generated/prisma-timesheet/index.js
    ./src/helpers/prisma-timesheet.ts
    ./src/app/api/v1/timesheet/overtime/upload-images/route.ts

  Server Component:
    ./next.config.mjs
    ./generated/prisma-timesheet/index.js
    ./src/helpers/prisma-timesheet.ts
    ./src/auth.ts
    ./src/actions/auth.ts


./next.config.mjs
Encountered unexpected file in NFT list
A file was traced that indicates that the whole project was traced unintentionally. Somewhere in the import trace below, there are:
- filesystem operations (like path.join, path.resolve or fs.readFile), or
- very dynamic requires (like require('./' + foo)).
To resolve this, you can
- remove them if possible, or
- only use them in development, or
- make sure they are statically scoped to some subfolder: path.join(process.cwd(), 'data', bar), or
- add ignore comments: path.join(/*turbopackIgnore: true*/ process.cwd(), bar)

Output asset trace:
  [output]/.next/server/app/api/v1/mobile/notification/today/route.js
  [output]/.next/server/chunks/[root-of-the-server]__0q-475m._.js

Import traces:
  App Route:
    ./next.config.mjs
    ./generated/prisma-timesheet/index.js
    ./src/helpers/prisma-timesheet.ts
    ./src/app/api/v1/timesheet/overtime/upload-images/route.ts

  Server Component:
    ./next.config.mjs
    ./generated/prisma-timesheet/index.js
    ./src/helpers/prisma-timesheet.ts
    ./src/auth.ts
    ./src/actions/auth.ts


./next.config.mjs
Encountered unexpected file in NFT list
A file was traced that indicates that the whole project was traced unintentionally. Somewhere in the import trace below, there are:
- filesystem operations (like path.join, path.resolve or fs.readFile), or
- very dynamic requires (like require('./' + foo)).
To resolve this, you can
- remove them if possible, or
- only use them in development, or
- make sure they are statically scoped to some subfolder: path.join(process.cwd(), 'data', bar), or
- add ignore comments: path.join(/*turbopackIgnore: true*/ process.cwd(), bar)

Output asset trace:
  [output]/.next/server/app/api/v1/mobile/notification/week/route.js
  [output]/.next/server/chunks/[root-of-the-server]__13wul_z._.js

Import traces:
  App Route:
    ./next.config.mjs
    ./generated/prisma-timesheet/index.js
    ./src/helpers/prisma-timesheet.ts
    ./src/app/api/v1/timesheet/overtime/upload-images/route.ts

  Server Component:
    ./next.config.mjs
    ./generated/prisma-timesheet/index.js
    ./src/helpers/prisma-timesheet.ts
    ./src/auth.ts
    ./src/actions/auth.ts


./next.config.mjs
Encountered unexpected file in NFT list
A file was traced that indicates that the whole project was traced unintentionally. Somewhere in the import trace below, there are:
- filesystem operations (like path.join, path.resolve or fs.readFile), or
- very dynamic requires (like require('./' + foo)).
To resolve this, you can
- remove them if possible, or
- only use them in development, or
- make sure they are statically scoped to some subfolder: path.join(process.cwd(), 'data', bar), or
- add ignore comments: path.join(/*turbopackIgnore: true*/ process.cwd(), bar)

Output asset trace:
  [output]/.next/server/app/api/v1/school/get-detail/route.js
  [output]/.next/server/chunks/[root-of-the-server]__08-jgq.._.js

Import traces:
  App Route:
    ./next.config.mjs
    ./generated/prisma-timesheet/index.js
    ./src/helpers/prisma-timesheet.ts
    ./src/app/api/v1/timesheet/overtime/upload-images/route.ts

  Server Component:
    ./next.config.mjs
    ./generated/prisma-timesheet/index.js
    ./src/helpers/prisma-timesheet.ts
    ./src/auth.ts
    ./src/actions/auth.ts


./next.config.mjs
Encountered unexpected file in NFT list
A file was traced that indicates that the whole project was traced unintentionally. Somewhere in the import trace below, there are:
- filesystem operations (like path.join, path.resolve or fs.readFile), or
- very dynamic requires (like require('./' + foo)).
To resolve this, you can
- remove them if possible, or
- only use them in development, or
- make sure they are statically scoped to some subfolder: path.join(process.cwd(), 'data', bar), or
- add ignore comments: path.join(/*turbopackIgnore: true*/ process.cwd(), bar)

Output asset trace:
  [output]/.next/server/app/api/v1/support/bypass/route.js
  [output]/.next/server/chunks/[root-of-the-server]__0~8n71s._.js

Import traces:
  App Route:
    ./next.config.mjs
    ./generated/prisma-timesheet/index.js
    ./src/helpers/prisma-timesheet.ts
    ./src/app/api/v1/timesheet/overtime/upload-images/route.ts

  Server Component:
    ./next.config.mjs
    ./generated/prisma-timesheet/index.js
    ./src/helpers/prisma-timesheet.ts
    ./src/auth.ts
    ./src/actions/auth.ts


./next.config.mjs
Encountered unexpected file in NFT list
A file was traced that indicates that the whole project was traced unintentionally. Somewhere in the import trace below, there are:
- filesystem operations (like path.join, path.resolve or fs.readFile), or
- very dynamic requires (like require('./' + foo)).
To resolve this, you can
- remove them if possible, or
- only use them in development, or
- make sure they are statically scoped to some subfolder: path.join(process.cwd(), 'data', bar), or
- add ignore comments: path.join(/*turbopackIgnore: true*/ process.cwd(), bar)

Output asset trace:
  [output]/.next/server/app/backend/page_client-reference-manifest.js
  [output]/.next/server/chunks/ssr/[root-of-the-server]__02bxq0c._.js

Import traces:
  App Route:
    ./next.config.mjs
    ./generated/prisma-timesheet/index.js
    ./src/helpers/prisma-timesheet.ts
    ./src/app/api/v1/timesheet/overtime/upload-images/route.ts

  Server Component:
    ./next.config.mjs
    ./generated/prisma-timesheet/index.js
    ./src/helpers/prisma-timesheet.ts
    ./src/auth.ts
    ./src/actions/auth.ts


./next.config.mjs
Encountered unexpected file in NFT list
A file was traced that indicates that the whole project was traced unintentionally. Somewhere in the import trace below, there are:
- filesystem operations (like path.join, path.resolve or fs.readFile), or
- very dynamic requires (like require('./' + foo)).
To resolve this, you can
- remove them if possible, or
- only use them in development, or
- make sure they are statically scoped to some subfolder: path.join(process.cwd(), 'data', bar), or
- add ignore comments: path.join(/*turbopackIgnore: true*/ process.cwd(), bar)

Output asset trace:
  [output]/.next/server/app/backlogs/projects/page_client-reference-manifest.js
  [output]/.next/server/chunks/ssr/[root-of-the-server]__02bxq0c._.js

Import traces:
  App Route:
    ./next.config.mjs
    ./generated/prisma-timesheet/index.js
    ./src/helpers/prisma-timesheet.ts
    ./src/app/api/v1/timesheet/overtime/upload-images/route.ts

  Server Component:
    ./next.config.mjs
    ./generated/prisma-timesheet/index.js
    ./src/helpers/prisma-timesheet.ts
    ./src/auth.ts
    ./src/actions/auth.ts


./next.config.mjs
Encountered unexpected file in NFT list
A file was traced that indicates that the whole project was traced unintentionally. Somewhere in the import trace below, there are:
- filesystem operations (like path.join, path.resolve or fs.readFile), or
- very dynamic requires (like require('./' + foo)).
To resolve this, you can
- remove them if possible, or
- only use them in development, or
- make sure they are statically scoped to some subfolder: path.join(process.cwd(), 'data', bar), or
- add ignore comments: path.join(/*turbopackIgnore: true*/ process.cwd(), bar)

Output asset trace:
  [output]/.next/server/app/backlogs/report/dashboard/page_client-reference-manifest.js
  [output]/.next/server/chunks/ssr/[root-of-the-server]__02bxq0c._.js

Import traces:
  App Route:
    ./next.config.mjs
    ./generated/prisma-timesheet/index.js
    ./src/helpers/prisma-timesheet.ts
    ./src/app/api/v1/timesheet/overtime/upload-images/route.ts

  Server Component:
    ./next.config.mjs
    ./generated/prisma-timesheet/index.js
    ./src/helpers/prisma-timesheet.ts
    ./src/auth.ts
    ./src/actions/auth.ts


./next.config.mjs
Encountered unexpected file in NFT list
A file was traced that indicates that the whole project was traced unintentionally. Somewhere in the import trace below, there are:
- filesystem operations (like path.join, path.resolve or fs.readFile), or
- very dynamic requires (like require('./' + foo)).
To resolve this, you can
- remove them if possible, or
- only use them in development, or
- make sure they are statically scoped to some subfolder: path.join(process.cwd(), 'data', bar), or
- add ignore comments: path.join(/*turbopackIgnore: true*/ process.cwd(), bar)

Output asset trace:
  [output]/.next/server/app/backlogs/report/page_client-reference-manifest.js
  [output]/.next/server/chunks/ssr/[root-of-the-server]__02bxq0c._.js

Import traces:
  App Route:
    ./next.config.mjs
    ./generated/prisma-timesheet/index.js
    ./src/helpers/prisma-timesheet.ts
    ./src/app/api/v1/timesheet/overtime/upload-images/route.ts

  Server Component:
    ./next.config.mjs
    ./generated/prisma-timesheet/index.js
    ./src/helpers/prisma-timesheet.ts
    ./src/auth.ts
    ./src/actions/auth.ts


./next.config.mjs
Encountered unexpected file in NFT list
A file was traced that indicates that the whole project was traced unintentionally. Somewhere in the import trace below, there are:
- filesystem operations (like path.join, path.resolve or fs.readFile), or
- very dynamic requires (like require('./' + foo)).
To resolve this, you can
- remove them if possible, or
- only use them in development, or
- make sure they are statically scoped to some subfolder: path.join(process.cwd(), 'data', bar), or
- add ignore comments: path.join(/*turbopackIgnore: true*/ process.cwd(), bar)

Output asset trace:
  [output]/.next/server/app/health-check/all-server-status/page_client-reference-manifest.js
  [output]/.next/server/chunks/ssr/[root-of-the-server]__02bxq0c._.js

Import traces:
  App Route:
    ./next.config.mjs
    ./generated/prisma-timesheet/index.js
    ./src/helpers/prisma-timesheet.ts
    ./src/app/api/v1/timesheet/overtime/upload-images/route.ts

  Server Component:
    ./next.config.mjs
    ./generated/prisma-timesheet/index.js
    ./src/helpers/prisma-timesheet.ts
    ./src/auth.ts
    ./src/actions/auth.ts


./next.config.mjs
Encountered unexpected file in NFT list
A file was traced that indicates that the whole project was traced unintentionally. Somewhere in the import trace below, there are:
- filesystem operations (like path.join, path.resolve or fs.readFile), or
- very dynamic requires (like require('./' + foo)).
To resolve this, you can
- remove them if possible, or
- only use them in development, or
- make sure they are statically scoped to some subfolder: path.join(process.cwd(), 'data', bar), or
- add ignore comments: path.join(/*turbopackIgnore: true*/ process.cwd(), bar)

Output asset trace:
  [output]/.next/server/app/health-check/v2/server-status/page_client-reference-manifest.js
  [output]/.next/server/chunks/ssr/[root-of-the-server]__02bxq0c._.js

Import traces:
  App Route:
    ./next.config.mjs
    ./generated/prisma-timesheet/index.js
    ./src/helpers/prisma-timesheet.ts
    ./src/app/api/v1/timesheet/overtime/upload-images/route.ts

  Server Component:
    ./next.config.mjs
    ./generated/prisma-timesheet/index.js
    ./src/helpers/prisma-timesheet.ts
    ./src/auth.ts
    ./src/actions/auth.ts


./next.config.mjs
Encountered unexpected file in NFT list
A file was traced that indicates that the whole project was traced unintentionally. Somewhere in the import trace below, there are:
- filesystem operations (like path.join, path.resolve or fs.readFile), or
- very dynamic requires (like require('./' + foo)).
To resolve this, you can
- remove them if possible, or
- only use them in development, or
- make sure they are statically scoped to some subfolder: path.join(process.cwd(), 'data', bar), or
- add ignore comments: path.join(/*turbopackIgnore: true*/ process.cwd(), bar)

Output asset trace:
  [output]/.next/server/app/health-check/version-control/page_client-reference-manifest.js
  [output]/.next/server/chunks/ssr/[root-of-the-server]__02bxq0c._.js

Import traces:
  App Route:
    ./next.config.mjs
    ./generated/prisma-timesheet/index.js
    ./src/helpers/prisma-timesheet.ts
    ./src/app/api/v1/timesheet/overtime/upload-images/route.ts

  Server Component:
    ./next.config.mjs
    ./generated/prisma-timesheet/index.js
    ./src/helpers/prisma-timesheet.ts
    ./src/auth.ts
    ./src/actions/auth.ts


./next.config.mjs
Encountered unexpected file in NFT list
A file was traced that indicates that the whole project was traced unintentionally. Somewhere in the import trace below, there are:
- filesystem operations (like path.join, path.resolve or fs.readFile), or
- very dynamic requires (like require('./' + foo)).
To resolve this, you can
- remove them if possible, or
- only use them in development, or
- make sure they are statically scoped to some subfolder: path.join(process.cwd(), 'data', bar), or
- add ignore comments: path.join(/*turbopackIgnore: true*/ process.cwd(), bar)

Output asset trace:
  [output]/.next/server/app/logger/api-log/page_client-reference-manifest.js
  [output]/.next/server/chunks/ssr/[root-of-the-server]__02bxq0c._.js

Import traces:
  App Route:
    ./next.config.mjs
    ./generated/prisma-timesheet/index.js
    ./src/helpers/prisma-timesheet.ts
    ./src/app/api/v1/timesheet/overtime/upload-images/route.ts

  Server Component:
    ./next.config.mjs
    ./generated/prisma-timesheet/index.js
    ./src/helpers/prisma-timesheet.ts
    ./src/auth.ts
    ./src/actions/auth.ts


./next.config.mjs
Encountered unexpected file in NFT list
A file was traced that indicates that the whole project was traced unintentionally. Somewhere in the import trace below, there are:
- filesystem operations (like path.join, path.resolve or fs.readFile), or
- very dynamic requires (like require('./' + foo)).
To resolve this, you can
- remove them if possible, or
- only use them in development, or
- make sure they are statically scoped to some subfolder: path.join(process.cwd(), 'data', bar), or
- add ignore comments: path.join(/*turbopackIgnore: true*/ process.cwd(), bar)

Output asset trace:
  [output]/.next/server/app/mobile/qrcode-health-check/page_client-reference-manifest.js
  [output]/.next/server/chunks/ssr/[root-of-the-server]__02bxq0c._.js

Import traces:
  App Route:
    ./next.config.mjs
    ./generated/prisma-timesheet/index.js
    ./src/helpers/prisma-timesheet.ts
    ./src/app/api/v1/timesheet/overtime/upload-images/route.ts

  Server Component:
    ./next.config.mjs
    ./generated/prisma-timesheet/index.js
    ./src/helpers/prisma-timesheet.ts
    ./src/auth.ts
    ./src/actions/auth.ts


./next.config.mjs
Encountered unexpected file in NFT list
A file was traced that indicates that the whole project was traced unintentionally. Somewhere in the import trace below, there are:
- filesystem operations (like path.join, path.resolve or fs.readFile), or
- very dynamic requires (like require('./' + foo)).
To resolve this, you can
- remove them if possible, or
- only use them in development, or
- make sure they are statically scoped to some subfolder: path.join(process.cwd(), 'data', bar), or
- add ignore comments: path.join(/*turbopackIgnore: true*/ process.cwd(), bar)

Output asset trace:
  [output]/.next/server/app/page_client-reference-manifest.js
  [output]/.next/server/chunks/ssr/[root-of-the-server]__02bxq0c._.js

Import traces:
  App Route:
    ./next.config.mjs
    ./generated/prisma-timesheet/index.js
    ./src/helpers/prisma-timesheet.ts
    ./src/app/api/v1/timesheet/overtime/upload-images/route.ts

  Server Component:
    ./next.config.mjs
    ./generated/prisma-timesheet/index.js
    ./src/helpers/prisma-timesheet.ts
    ./src/auth.ts
    ./src/actions/auth.ts


./next.config.mjs
Encountered unexpected file in NFT list
A file was traced that indicates that the whole project was traced unintentionally. Somewhere in the import trace below, there are:
- filesystem operations (like path.join, path.resolve or fs.readFile), or
- very dynamic requires (like require('./' + foo)).
To resolve this, you can
- remove them if possible, or
- only use them in development, or
- make sure they are statically scoped to some subfolder: path.join(process.cwd(), 'data', bar), or
- add ignore comments: path.join(/*turbopackIgnore: true*/ process.cwd(), bar)

Output asset trace:
  [output]/.next/server/app/pages/light-menu/face-scanning/page_client-reference-manifest.js
  [output]/.next/server/chunks/ssr/[root-of-the-server]__02bxq0c._.js

Import traces:
  App Route:
    ./next.config.mjs
    ./generated/prisma-timesheet/index.js
    ./src/helpers/prisma-timesheet.ts
    ./src/app/api/v1/timesheet/overtime/upload-images/route.ts

  Server Component:
    ./next.config.mjs
    ./generated/prisma-timesheet/index.js
    ./src/helpers/prisma-timesheet.ts
    ./src/auth.ts
    ./src/actions/auth.ts


./next.config.mjs
Encountered unexpected file in NFT list
A file was traced that indicates that the whole project was traced unintentionally. Somewhere in the import trace below, there are:
- filesystem operations (like path.join, path.resolve or fs.readFile), or
- very dynamic requires (like require('./' + foo)).
To resolve this, you can
- remove them if possible, or
- only use them in development, or
- make sure they are statically scoped to some subfolder: path.join(process.cwd(), 'data', bar), or
- add ignore comments: path.join(/*turbopackIgnore: true*/ process.cwd(), bar)

Output asset trace:
  [output]/.next/server/app/profile/personal-information/page_client-reference-manifest.js
  [output]/.next/server/chunks/ssr/[root-of-the-server]__02bxq0c._.js

Import traces:
  App Route:
    ./next.config.mjs
    ./generated/prisma-timesheet/index.js
    ./src/helpers/prisma-timesheet.ts
    ./src/app/api/v1/timesheet/overtime/upload-images/route.ts

  Server Component:
    ./next.config.mjs
    ./generated/prisma-timesheet/index.js
    ./src/helpers/prisma-timesheet.ts
    ./src/auth.ts
    ./src/actions/auth.ts


./next.config.mjs
Encountered unexpected file in NFT list
A file was traced that indicates that the whole project was traced unintentionally. Somewhere in the import trace below, there are:
- filesystem operations (like path.join, path.resolve or fs.readFile), or
- very dynamic requires (like require('./' + foo)).
To resolve this, you can
- remove them if possible, or
- only use them in development, or
- make sure they are statically scoped to some subfolder: path.join(process.cwd(), 'data', bar), or
- add ignore comments: path.join(/*turbopackIgnore: true*/ process.cwd(), bar)

Output asset trace:
  [output]/.next/server/app/support/test/cancel-sales/page_client-reference-manifest.js
  [output]/.next/server/chunks/ssr/[root-of-the-server]__02bxq0c._.js

Import traces:
  App Route:
    ./next.config.mjs
    ./generated/prisma-timesheet/index.js
    ./src/helpers/prisma-timesheet.ts
    ./src/app/api/v1/timesheet/overtime/upload-images/route.ts

  Server Component:
    ./next.config.mjs
    ./generated/prisma-timesheet/index.js
    ./src/helpers/prisma-timesheet.ts
    ./src/auth.ts
    ./src/actions/auth.ts


./next.config.mjs
Encountered unexpected file in NFT list
A file was traced that indicates that the whole project was traced unintentionally. Somewhere in the import trace below, there are:
- filesystem operations (like path.join, path.resolve or fs.readFile), or
- very dynamic requires (like require('./' + foo)).
To resolve this, you can
- remove them if possible, or
- only use them in development, or
- make sure they are statically scoped to some subfolder: path.join(process.cwd(), 'data', bar), or
- add ignore comments: path.join(/*turbopackIgnore: true*/ process.cwd(), bar)

Output asset trace:
  [output]/.next/server/app/support/upload/migrate-student/page_client-reference-manifest.js
  [output]/.next/server/chunks/ssr/[root-of-the-server]__02bxq0c._.js

Import traces:
  App Route:
    ./next.config.mjs
    ./generated/prisma-timesheet/index.js
    ./src/helpers/prisma-timesheet.ts
    ./src/app/api/v1/timesheet/overtime/upload-images/route.ts

  Server Component:
    ./next.config.mjs
    ./generated/prisma-timesheet/index.js
    ./src/helpers/prisma-timesheet.ts
    ./src/auth.ts
    ./src/actions/auth.ts


./next.config.mjs
Encountered unexpected file in NFT list
A file was traced that indicates that the whole project was traced unintentionally. Somewhere in the import trace below, there are:
- filesystem operations (like path.join, path.resolve or fs.readFile), or
- very dynamic requires (like require('./' + foo)).
To resolve this, you can
- remove them if possible, or
- only use them in development, or
- make sure they are statically scoped to some subfolder: path.join(process.cwd(), 'data', bar), or
- add ignore comments: path.join(/*turbopackIgnore: true*/ process.cwd(), bar)

Output asset trace:
  [output]/.next/server/app/timesheet/all/page_client-reference-manifest.js
  [output]/.next/server/chunks/ssr/[root-of-the-server]__02bxq0c._.js

Import traces:
  App Route:
    ./next.config.mjs
    ./generated/prisma-timesheet/index.js
    ./src/helpers/prisma-timesheet.ts
    ./src/app/api/v1/timesheet/overtime/upload-images/route.ts

  Server Component:
    ./next.config.mjs
    ./generated/prisma-timesheet/index.js
    ./src/helpers/prisma-timesheet.ts
    ./src/auth.ts
    ./src/actions/auth.ts


./next.config.mjs
Encountered unexpected file in NFT list
A file was traced that indicates that the whole project was traced unintentionally. Somewhere in the import trace below, there are:
- filesystem operations (like path.join, path.resolve or fs.readFile), or
- very dynamic requires (like require('./' + foo)).
To resolve this, you can
- remove them if possible, or
- only use them in development, or
- make sure they are statically scoped to some subfolder: path.join(process.cwd(), 'data', bar), or
- add ignore comments: path.join(/*turbopackIgnore: true*/ process.cwd(), bar)

Output asset trace:
  [output]/.next/server/app/timesheet/all/report/timeline/page_client-reference-manifest.js
  [output]/.next/server/chunks/ssr/[root-of-the-server]__02bxq0c._.js

Import traces:
  App Route:
    ./next.config.mjs
    ./generated/prisma-timesheet/index.js
    ./src/helpers/prisma-timesheet.ts
    ./src/app/api/v1/timesheet/overtime/upload-images/route.ts

  Server Component:
    ./next.config.mjs
    ./generated/prisma-timesheet/index.js
    ./src/helpers/prisma-timesheet.ts
    ./src/auth.ts
    ./src/actions/auth.ts


./next.config.mjs
Encountered unexpected file in NFT list
A file was traced that indicates that the whole project was traced unintentionally. Somewhere in the import trace below, there are:
- filesystem operations (like path.join, path.resolve or fs.readFile), or
- very dynamic requires (like require('./' + foo)).
To resolve this, you can
- remove them if possible, or
- only use them in development, or
- make sure they are statically scoped to some subfolder: path.join(process.cwd(), 'data', bar), or
- add ignore comments: path.join(/*turbopackIgnore: true*/ process.cwd(), bar)

Output asset trace:
  [output]/.next/server/app/timesheet/entry/page_client-reference-manifest.js
  [output]/.next/server/chunks/ssr/[root-of-the-server]__02bxq0c._.js

Import traces:
  App Route:
    ./next.config.mjs
    ./generated/prisma-timesheet/index.js
    ./src/helpers/prisma-timesheet.ts
    ./src/app/api/v1/timesheet/overtime/upload-images/route.ts

  Server Component:
    ./next.config.mjs
    ./generated/prisma-timesheet/index.js
    ./src/helpers/prisma-timesheet.ts
    ./src/auth.ts
    ./src/actions/auth.ts


./next.config.mjs
Encountered unexpected file in NFT list
A file was traced that indicates that the whole project was traced unintentionally. Somewhere in the import trace below, there are:
- filesystem operations (like path.join, path.resolve or fs.readFile), or
- very dynamic requires (like require('./' + foo)).
To resolve this, you can
- remove them if possible, or
- only use them in development, or
- make sure they are statically scoped to some subfolder: path.join(process.cwd(), 'data', bar), or
- add ignore comments: path.join(/*turbopackIgnore: true*/ process.cwd(), bar)

Output asset trace:
  [output]/.next/server/app/timesheet/overtime/preview/bulk/page_client-reference-manifest.js
  [output]/.next/server/chunks/ssr/[root-of-the-server]__02bxq0c._.js

Import traces:
  App Route:
    ./next.config.mjs
    ./generated/prisma-timesheet/index.js
    ./src/helpers/prisma-timesheet.ts
    ./src/app/api/v1/timesheet/overtime/upload-images/route.ts

  Server Component:
    ./next.config.mjs
    ./generated/prisma-timesheet/index.js
    ./src/helpers/prisma-timesheet.ts
    ./src/auth.ts
    ./src/actions/auth.ts



> Build error occurred
Error: Turbopack build failed with 1 errors:
./src/app/timesheet/overtime/page.tsx:1622:1
'import', and 'export' cannot be used outside of module code
  [90m1620 |[0m };
  [90m1621 |[0m
[31m[1m>[0m [90m1622 |[0m [36mexport[0m [36mdefault[0m [33mOvertimeManagementPage[0m;
  [90m     |[0m [31m[1m^^^^^^[0m
  [90m1623 |[0m

Parsing ecmascript source code failed

Import traces:
  App Route:
    ./src/app/timesheet/overtime/page.tsx
    ./generated/prisma-timesheet/index.js
    ./src/helpers/prisma-timesheet.ts
    ./src/app/api/v1/timesheet/overtime/upload-images/route.ts

  Server Component:
    ./src/app/timesheet/overtime/page.tsx
    ./generated/prisma-timesheet/index.js
    ./src/helpers/prisma-timesheet.ts
    ./src/auth.ts
    ./src/actions/auth.ts


    at <unknown> (./src/app/timesheet/overtime/page.tsx:1622:1)
error: script "build" exited with code 1
